// Jest Snapshot v1, https://goo.gl/fbAQLP

exports[`matches snapshot 1`] = `
<DocumentFragment>
  <div
    class="min-h-full w-screen flex items-center justify-center pt-0 m-auto  px-4 sm:px-6 lg:px-8"
  >
    <div
      class="max-w-md w-screen space-y-8"
    >
      <div>
        <img
          alt="BookFriend"
          class="mx-auto h-30 w-auto p-0 m-0"
          src="./bookfriendimg1.png"
        />
        <h2
          class="mt-6 text-center text-3xl font-extrabold text-gray-900"
        >
          Sign in to your account
        </h2>
      </div>
      <form
        action="#"
        class="mt-8 space-y-6"
        method="POST"
      >
        <input
          name="remember"
          type="hidden"
          value="true"
        />
        <div
          class="rounded-md shadow-sm -space-y-px"
        >
          <div>
            <label
              class="sr-only"
              for="email-address"
            >
              Email address
            </label>
            <input
              autocomplete="email"
              class="appearance-none rounded-none relative block w-full px-3 py-2 border border-gray-300 placeholder-gray-500 text-gray-900 rounded-t-md focus:outline-none focus:ring-indigo-500 focus:border-indigo-500 focus:z-10 sm:text-sm"
              id="email-address"
              name="email"
              placeholder="Email address"
              required=""
              type="email"
              value=""
            />
          </div>
          <div>
            <label
              class="sr-only"
              for="password"
            >
              Password
            </label>
            <input
              autocomplete="current-password"
              class="appearance-none rounded-none relative block w-full px-3 py-2 border border-gray-300 placeholder-gray-500 text-gray-900 rounded-b-md focus:outline-none focus:ring-indigo-500 focus:border-indigo-500 focus:z-10 sm:text-sm"
              id="password"
              name="password"
              placeholder="Password"
              required=""
              type="password"
              value=""
            />
          </div>
        </div>
        <div
          class="flex items-center justify-between"
        >
          <button
            class="group relative w-full flex justify-center py-2 px-4 border border-transparent text-sm font-medium rounded-md text-black bg-white hover:bg-indigo-700 focus:outline-none focus:ring-2 focus:ring-offset-2 focus:ring-indigo-500"
            type="submit"
          >
            <span
              class="absolute left-0 inset-y-0 flex items-center pl-3"
            >
              <svg
                aria-hidden="true"
                class="h-5 w-5 text-indigo-500 group-hover:text-indigo-400"
                fill="currentColor"
                viewBox="0 0 20 20"
                xmlns="http://www.w3.org/2000/svg"
              >
                <path
                  clip-rule="evenodd"
                  d="M5 9V7a5 5 0 0110 0v2a2 2 0 012 2v5a2 2 0 01-2 2H5a2 2 0 01-2-2v-5a2 2 0 012-2zm8-2v2H7V7a3 3 0 016 0z"
                  fill-rule="evenodd"
                />
              </svg>
            </span>
            Register
          </button>
        </div>
        <div>
          <button
            class="group relative w-full flex justify-center py-2 px-4 border border-transparent text-sm font-medium rounded-md text-white bg-indigo-600 hover:bg-indigo-700 focus:outline-none focus:ring-2 focus:ring-offset-2 focus:ring-indigo-500"
            type="submit"
          >
            <span
              class="absolute left-0 inset-y-0 flex items-center pl-3"
            >
              <svg
                aria-hidden="true"
                class="h-5 w-5 text-indigo-500 group-hover:text-indigo-400"
                fill="currentColor"
                viewBox="0 0 20 20"
                xmlns="http://www.w3.org/2000/svg"
              >
                <path
                  clip-rule="evenodd"
                  d="M5 9V7a5 5 0 0110 0v2a2 2 0 012 2v5a2 2 0 01-2 2H5a2 2 0 01-2-2v-5a2 2 0 012-2zm8-2v2H7V7a3 3 0 016 0z"
                  fill-rule="evenodd"
                />
              </svg>
            </span>
            Sign in
          </button>
        </div>
      </form>
    </div>
  </div>
</DocumentFragment>
`;
